* indicate-qt (0.2.1 or higher)  <http://launchpad.net/libindicate-qt>
     Qt bindings for libindicate
     Required for indicators support in KMail.
 









$ sv2git kdepim 1051519
Initialized empty Git repository in /var/git/kdepim/.git/
W: +empty_dir: akonadi/agents/maildispatcher/tests/unittestenv/xdglocal
W: +empty_dir: akonadi/akonadi_next/testapp
W: +empty_dir: akonadi/akonadi_next/tests
W: +empty_dir: 
akonadi/resources/maildir/tests/maildir/.root.directory/.child1.directory/grandchild/new
W: +empty_dir: 
akonadi/resources/maildir/tests/maildir/.root.directory/.child1.directory/grandchild/tmp
W: +empty_dir: akonadi/resources/maildir/tests/maildir/.root.directory/child1/new
W: +empty_dir: akonadi/resources/maildir/tests/maildir/.root.directory/child1/tmp
W: +empty_dir: akonadi/resources/maildir/tests/maildir/.root.directory/child2/cur
W: +empty_dir: akonadi/resources/maildir/tests/maildir/.root.directory/child2/new
W: +empty_dir: akonadi/resources/maildir/tests/maildir/.root.directory/child2/tmp
W: +empty_dir: akonadi/resources/maildir/tests/maildir/root/new
W: +empty_dir: akonadi/resources/maildir/tests/maildir/root/tmp
W: +empty_dir: akonadi/resources/maildir/tests/unittestenv/xdglocal
W: +empty_dir: akonadi/resources/mailtransport_dummy/tests
W: +empty_dir: 
akonadi/resources/pop3/tests/unittestenv/kdehome/share/apps/tester/maildirtest/cur
W: +empty_dir: 
akonadi/resources/pop3/tests/unittestenv/kdehome/share/apps/tester/maildirtest/new
W: +empty_dir: 
akonadi/resources/pop3/tests/unittestenv/kdehome/share/apps/tester/maildirtest/tmp
W: +empty_dir: akonadi/resources/pop3/tests/unittestenv/xdglocal
r1051519 = dd9b5185e6586b8539aa5d0f1e39bdbc9a2a196e (refs/remotes/git-svn)
Auto packing the repository for optimum performance. You may also
run "git gc" manually. See "git help gc" for more information.
Counting objects: 6232, done.
Delta compression using up to 2 threads.
error: failed to run repack370/6156)
gc --auto: command returned error: 255




$ du -chs .
36M     .
36M     total
$ ls -a
.  ..  .git
$ git fsck
notice: HEAD points to an unborn branch (master)
$git repack -ad
Counting objects: 6232, done.
Delta compression using up to 2 threads.
Compressing objects: 100% (6156/6156), done.
Writing objects: 100% (6232/6232), done.
Total 6232 (delta 1479), reused 0 (delta 0)
$ du -chs .
16M     .
16M     total

############
fixed by 
$cat .git/info/refs
dd9b5185e6586b8539aa5d0f1e39bdbc9a2a196e        refs/remotes/git-svn
$git branch -l master dd9b5185e6586b8539aa5d0f1e39bdbc9a2a196e
$git checkout master

## or more generally
$git branch -l master `cat .git/info/refs | cut -d\  -f-1`


# if .git/info/refs does not exist, try
$cp .git/packed-refs .git/info/refs

#if barnch master does not exist
$ git checkout -t remotes/git-svn -b master

